<html><head>
<meta property="og:type" content="profile">
<meta property="og:title" content="Profile | Example">
<meta property="og:url" content="http://www.example.com/profile">
<meta property="og:description" content="Description">
<meta property="og:locale" content="en_US">
<meta property="og:locale:alternate" content="en_GB">
<meta property="og:site_name" content="Example">
<meta property="og:image" content="http://www.example.com/image1.jpg">
<meta property="profile:first_name" content="Jane">
<meta property="profile:last_name" content="Doe">
<meta property="profile:username" content="janedoe">
<meta property="profile:gender" content="female">
</head></html>
