<html><head>
<meta property="og:type" content="article">
<meta property="og:title" content="Article | Example">
<meta property="og:url" content="http://www.example.com/article">
<meta property="og:description" content="Description">
<meta property="og:locale" content="en_US">
<meta property="og:locale:alternate" content="en_GB">
<meta property="og:site_name" content="Example">
<meta property="og:image" content="http://www.example.com/image1.jpg">
<meta property="og:audio:url" content="http://www.example.com/audio.mp3">
<meta property="og:audio:type" content="audio/mp3">
<meta property="article:published_time" content="2020-06-05T20:00:00+0000">
<meta property="article:modified_time" content="2020-06-07T20:00:00+0000">
<meta property="article:author" content="http://www.example.com/author">
<meta property="article:section" content="Technology">
<meta property="article:tag" content="PHP">
</head></html>
