<html><head>
<meta property="og:type" content="book">
<meta property="og:title" content="Book | Example">
<meta property="og:url" content="http://www.example.com/book">
<meta property="og:description" content="Description">
<meta property="og:locale" content="en_US">
<meta property="og:locale:alternate" content="en_GB">
<meta property="og:site_name" content="Example">
<meta property="og:image" content="http://www.example.com/image1.jpg">
<meta property="book:release_date" content="2020-06-05">
<meta property="book:isbn" content="978-3-86680-192-9">
<meta property="book:author" content="http://www.example.com/author">
<meta property="book:tag" content="PHP">
</head></html>
