<html><head>
<meta property="og:type" content="website">
<meta property="og:title" content="Title &quot;'&amp;&amp; | Example">
<meta property="og:url" content="http://www.example.com">
<meta property="og:description" content="Description">
<meta property="og:locale" content="en_US">
<meta property="og:locale:alternate" content="en_GB">
<meta property="og:site_name" content="Example">
<meta property="og:image" content="http://www.example.com/image1.jpg">
</head></html>
