<html><head>
<meta property="og:type" content="music.radio_station">
<meta property="og:title" content="Title | Example">
<meta property="og:url" content="http://www.example.com/radiostation">
<meta property="og:description" content="Description">
<meta property="og:locale" content="en_US">
<meta property="og:locale:alternate" content="en_GB">
<meta property="og:site_name" content="Example">
<meta property="og:image" content="http://www.example.com/image1.jpg">
<meta property="music:creator" content="http://www.example.com/creator">
</head></html>
