<html><head>
<meta property="og:type" content="music.album">
<meta property="og:title" content="Title | Example">
<meta property="og:url" content="http://www.example.com/album">
<meta property="og:description" content="Description">
<meta property="og:locale" content="en_US">
<meta property="og:locale:alternate" content="en_GB">
<meta property="og:site_name" content="Example">
<meta property="og:image" content="http://www.example.com/image1.jpg">
<meta property="music:musician" content="http://www.example.com/musician">
<meta property="music:song" content="http://www.example.com/song1">
<meta property="music:song:disc" content="1">
<meta property="music:song:track" content="1">
<meta property="music:song" content="http://www.example.com/song2">
<meta property="music:song:disc" content="1">
<meta property="music:song:track" content="2">
<meta property="music:song" content="http://www.example.com/song3">
<meta property="music:song:disc" content="1">
<meta property="music:song:track" content="3">
<meta property="music:song" content="http://www.example.com/song4">
<meta property="music:song:disc" content="1">
<meta property="music:song:track" content="4">
<meta property="music:release_date" content="2020-06-05">
</head></html>
