<html><head>
<meta property="og:type" content="music.song">
<meta property="og:title" content="Title | Example">
<meta property="og:url" content="http://www.example.com/song">
<meta property="og:description" content="Description">
<meta property="og:locale" content="en_US">
<meta property="og:locale:alternate" content="en_GB">
<meta property="og:site_name" content="Example">
<meta property="og:image" content="http://www.example.com/image1.jpg">
<meta property="og:audio" content="http://www.example.com/song.mp3">
<meta property="music:duration" content="90">
<meta property="music:musician" content="http://www.example.com/musician">
<meta property="music:album" content="http://www.example.com/album">
<meta property="music:album:disc" content="1">
<meta property="music:album:track" content="4">
</head></html>
