<html><head>
<meta property="twitter:card" content="app">
<meta property="twitter:title" content="Title | Example">
<meta property="twitter:description" content="Description">
<meta property="twitter:site" content="@astrotomic_oss">
<meta property="twitter:app:name:googleplay" content="AppName">
<meta property="twitter:app:id:googleplay" content="id123456789">
<meta property="twitter:app:url:googleplay" content="https://app.domainname.com">
<meta property="twitter:app:country" content="HR">
</head></html>
