<html><head>
<meta name="twitter:card" content="summary_large_image">
<meta name="twitter:title" content="Title | Example">
<meta name="twitter:description" content="Description">
<meta name="twitter:site" content="@astrotomic_oss">
<meta name="twitter:creator" content="@devgummibeer">
<meta name="twitter:image" content="http://www.example.com/image1.jpg">
<meta name="twitter:image:alt" content="Image alternate text">
</head></html>
