<!DOCTYPE html PUBLIC "-//W3C//DTD HTML 4.0 Transitional//EN" "http://www.w3.org/TR/REC-html40/loose.dtd">
<html><head>
<meta name="twitter:card" content="app">
<meta name="twitter:title" content="Title | Example">
<meta name="twitter:description" content="Description">
<meta name="twitter:site" content="@astrotomic_oss">
<meta name="twitter:app:name:iphone" content="AppName">
<meta name="twitter:app:id:iphone" content="A1B2C3D4E5">
<meta name="twitter:app:url:iphone" content="https://app.domainname.com">
</head></html>
