<!DOCTYPE html PUBLIC "-//W3C//DTD HTML 4.0 Transitional//EN" "http://www.w3.org/TR/REC-html40/loose.dtd">
<html><head>
<meta name="twitter:card" content="player">
<meta name="twitter:title" content="Title | Example">
<meta name="twitter:description" content="Description">
<meta name="twitter:site" content="@astrotomic_oss">
<meta name="twitter:image" content="http://www.example.com/image1.jpg">
<meta name="twitter:image:alt" content="Image alternate text">
<meta name="twitter:player" content="http://www.example.com/player.iframe">
<meta name="twitter:player:width" content="1920">
<meta name="twitter:player:height" content="1080">
</head></html>
