<html><head>
<meta property="twitter:card" content="app">
<meta property="twitter:title" content="Title | Example">
<meta property="twitter:description" content="Description">
<meta property="twitter:site" content="@astrotomic_oss">
<meta property="twitter:app:name:iphone" content="AppName">
<meta property="twitter:app:id:iphone" content="A1B2C3D4E5">
<meta property="twitter:app:url:iphone" content="https://app.domainname.com">
</head></html>
