<html><head>
<meta property="twitter:card" content="app">
<meta property="twitter:title" content="Title | Example">
<meta property="twitter:description" content="Description">
<meta property="twitter:site" content="@astrotomic_oss">
<meta property="twitter:app:name:ipad" content="AppName">
<meta property="twitter:app:id:ipad" content="A1B2C3D4E5">
<meta property="twitter:app:url:ipad" content="https://app.domainname.com">
<meta property="twitter:app:country" content="HR">
</head></html>
