<html><head>
<meta property="og:type" content="video.movie">
<meta property="og:title" content="Title | Example">
<meta property="og:url" content="http://www.example.com/movie">
<meta property="og:description" content="Description">
<meta property="og:locale" content="en_US">
<meta property="og:locale:alternate" content="en_GB">
<meta property="og:site_name" content="Example">
<meta property="og:image" content="http://www.example.com/image1.jpg">
<meta property="og:image:url" content="http://www.example.com/image2.jpg">
<meta property="og:image:width" content="1920">
<meta property="og:image:height" content="1080">
<meta property="og:image:type" content="image/jpg">
<meta property="og:image:alt" content="Movie Wallpaper">
<meta property="og:video" content="http://www.example.com/trailer.mp4">
<meta property="video:release_date" content="2020-06-05">
<meta property="video:actor" content="http://www.example.com/actor1">
<meta property="video:actor:role" content="role1">
<meta property="video:actor" content="http://www.example.com/actor2">
<meta property="video:actor:role" content="role2">
<meta property="video:director" content="http://www.example.com/director">
<meta property="video:writer" content="http://www.example.com/writer">
<meta property="video:duration" content="5400">
<meta property="video:tag" content="Crime">
<meta property="video:tag" content="Thriller">
</head></html>
