<html><head>
<meta property="og:type" content="video.other">
<meta property="og:title" content="Title | Example">
<meta property="og:url" content="http://www.example.com/other">
<meta property="og:description" content="Description">
<meta property="og:locale" content="en_US">
<meta property="og:locale:alternate" content="en_GB">
<meta property="og:site_name" content="Example">
<meta property="og:image" content="http://www.example.com/image1.jpg">
<meta property="og:video:url" content="http://www.example.com/video.mp4">
<meta property="og:video:width" content="1920">
<meta property="og:video:height" content="1080">
<meta property="og:video:type" content="video/mp4">
<meta property="og:video:alt" content="Movie Wallpaper">
<meta property="video:release_date" content="2020-06-05">
<meta property="video:duration" content="210">
<meta property="video:actor" content="http://www.example.com/actor">
<meta property="video:actor:role" content="role">
<meta property="video:director" content="http://www.example.com/director">
<meta property="video:writer" content="http://www.example.com/writer">
<meta property="video:tag" content="Crime">
</head></html>
